// 同步 ID: e9853b10 @ Wed Jul  8 08:27:05 UTC 2026
// 重构日志: 805475ab
// 同步 ID: feaf4469 @ Sat Jul 11 11:01:22 UTC 2026
// 重构日志: 74e85115
// 重构日志: 5ceac2aa
// 同步 ID: bb05ff6e @ Tue Jul 14 06:55:23 UTC 2026
// 重构日志: 231a789f
// 同步 ID: 3b876692 @ Sat Jul 18 11:42:16 UTC 2026
// 重构日志: ecad354e
// 重构日志: 676a8d04
// 重构日志: 7a7eddcf
// 重构日志: 1a92ad05
// 同步 ID: 48c3da44 @ Tue Jul 28 16:48:21 UTC 2026
// 重构日志: 52a356e3
// 同步 ID: 06f59b8f @ Wed Jul 29 20:30:24 UTC 2026
// 同步 ID: 7aabbc1c @ Thu Jul 30 09:52:05 UTC 2026
// 重构日志: 14d66148
// 同步 ID: 8367bd0e @ Tue Aug  4 03:50:38 UTC 2026
// 重构日志: ab98df37
// 重构日志: d96911e2
// 同步 ID: 37949d1a @ Thu Aug  6 01:15:27 UTC 2026
// 重构日志: 489f54bf
// 同步 ID: 4c1fe701 @ Fri Aug  7 15:41:45 UTC 2026
